ssd1306.c:61:6:SSD1306_ScrollRight	16	static
ssd1306.c:74:6:SSD1306_ScrollLeft	16	static
ssd1306.c:87:6:SSD1306_Scrolldiagright	16	static
ssd1306.c:103:6:SSD1306_Scrolldiagleft	16	static
ssd1306.c:119:6:SSD1306_Stopscroll	8	static
ssd1306.c:126:6:SSD1306_InvertDisplay	16	static
ssd1306.c:135:6:SSD1306_DrawBitmap	32	static
ssd1306.c:165:9:SSD1306_Init	16	static
ssd1306.c:231:6:SSD1306_UpdateScreen	8	static
ssd1306.c:258:6:SSD1306_ToggleInvert	16	static
ssd1306.c:270:6:SSD1306_Fill	16	static
ssd1306.c:275:6:SSD1306_DrawPixel	16	static
ssd1306.c:297:6:SSD1306_GotoXY	16	static
ssd1306.c:303:6:SSD1306_Putc	32	static
ssd1306.c:334:6:SSD1306_Puts	24	static
ssd1306.c:352:6:SSD1306_DrawLine	40	static
ssd1306.c:436:6:SSD1306_DrawRectangle	32	static
ssd1306.c:461:6:SSD1306_DrawFilledRectangle	40	static
ssd1306.c:488:6:SSD1306_DrawTriangle	32	static
ssd1306.c:496:6:SSD1306_DrawFilledTriangle	64	static
ssd1306.c:552:6:SSD1306_DrawCircle	40	static
ssd1306.c:586:6:SSD1306_DrawFilledCircle	48	static
ssd1306.c:619:6:SSD1306_Clear	8	static
ssd1306.c:624:6:SSD1306_ON	8	static
ssd1306.c:629:6:SSD1306_OFF	8	static
ssd1306.c:645:6:ssd1306_I2C_Init	16	static
ssd1306.c:657:6:ssd1306_I2C_WriteMulti	296	static
ssd1306.c:667:6:ssd1306_I2C_Write	32	static
